Release 14.7 - xst P.20131013 (nt64)
Copyright (c) 1995-2013 Xilinx, Inc.  All rights reserved.
--> Parameter TMPDIR set to xst/projnav.tmp


Total REAL time to Xst completion: 0.00 secs
Total CPU time to Xst completion: 0.10 secs
 
--> Parameter xsthdpdir set to xst


Total REAL time to Xst completion: 0.00 secs
Total CPU time to Xst completion: 0.10 secs
 
--> Reading design: PCBranch.prj

TABLE OF CONTENTS
  1) Synthesis Options Summary
  2) HDL Parsing
  3) HDL Elaboration
  4) HDL Synthesis
       4.1) HDL Synthesis Report
  5) Advanced HDL Synthesis
       5.1) Advanced HDL Synthesis Report
  6) Low Level Synthesis
  7) Partition Report
  8) Design Summary
       8.1) Primitive and Black Box Usage
       8.2) Device utilization summary
       8.3) Partition Resource Summary
       8.4) Timing Report
            8.4.1) Clock Information
            8.4.2) Asynchronous Control Signals Information
            8.4.3) Timing Summary
            8.4.4) Timing Details
            8.4.5) Cross Clock Domains Report


=========================================================================
*                      Synthesis Options Summary                        *
=========================================================================
---- Source Parameters
Input File Name                    : "PCBranch.prj"
Ignore Synthesis Constraint File   : NO

---- Target Parameters
Output File Name                   : "PCBranch"
Output Format                      : NGC
Target Device                      : xc7a100t-3-csg324

---- Source Options
Top Module Name                    : PCBranch
Automatic FSM Extraction           : YES
FSM Encoding Algorithm             : Auto
Safe Implementation                : No
FSM Style                          : LUT
RAM Extraction                     : Yes
RAM Style                          : Auto
ROM Extraction                     : Yes
Shift Register Extraction          : YES
ROM Style                          : Auto
Resource Sharing                   : YES
Asynchronous To Synchronous        : NO
Shift Register Minimum Size        : 2
Use DSP Block                      : Auto
Automatic Register Balancing       : No

---- Target Options
LUT Combining                      : Auto
Reduce Control Sets                : Auto
Add IO Buffers                     : YES
Global Maximum Fanout              : 100000
Add Generic Clock Buffer(BUFG)     : 32
Register Duplication               : YES
Optimize Instantiated Primitives   : NO
Use Clock Enable                   : Auto
Use Synchronous Set                : Auto
Use Synchronous Reset              : Auto
Pack IO Registers into IOBs        : Auto
Equivalent register Removal        : YES

---- General Options
Optimization Goal                  : Speed
Optimization Effort                : 1
Power Reduction                    : NO
Keep Hierarchy                     : No
Netlist Hierarchy                  : As_Optimized
RTL Output                         : Yes
Global Optimization                : AllClockNets
Read Cores                         : YES
Write Timing Constraints           : NO
Cross Clock Analysis               : NO
Hierarchy Separator                : /
Bus Delimiter                      : <>
Case Specifier                     : Maintain
Slice Utilization Ratio            : 100
BRAM Utilization Ratio             : 100
DSP48 Utilization Ratio            : 100
Auto BRAM Packing                  : NO
Slice Utilization Ratio Delta      : 5

=========================================================================


=========================================================================
*                          HDL Parsing                                  *
=========================================================================
Parsing VHDL file "C:\Windows\System32\SingleCycleDatapath\PCBranch.vhd" into library work
Parsing entity <PCBranch>.
Parsing architecture <Behavioral> of entity <pcbranch>.

=========================================================================
*                            HDL Elaboration                            *
=========================================================================

Elaborating entity <PCBranch> (architecture <Behavioral>) from library <work>.

=========================================================================
*                           HDL Synthesis                               *
=========================================================================

Synthesizing Unit <PCBranch>.
    Related source file is "C:\Windows\System32\SingleCycleDatapath\PCBranch.vhd".
WARNING:Xst:647 - Input <b<3:0>> is never used. This port will be preserved and left unconnected if it belongs to a top-level block or it belongs to a sub-block and the hierarchy of this sub-block is preserved.
    Found 32-bit adder for signal <n0009> created at line 44.
    Found 32-bit adder for signal <Output> created at line 44.
    Summary:
	inferred   2 Adder/Subtractor(s).
Unit <PCBranch> synthesized.

=========================================================================
HDL Synthesis Report

Macro Statistics
# Adders/Subtractors                                   : 2
 32-bit adder                                          : 2

=========================================================================

=========================================================================
*                       Advanced HDL Synthesis                          *
=========================================================================


=========================================================================
Advanced HDL Synthesis Report

Macro Statistics
# Adders/Subtractors                                   : 2
 32-bit adder                                          : 2

=========================================================================

=========================================================================
*                         Low Level Synthesis                           *
=========================================================================

Optimizing unit <PCBranch> ...

Mapping all equations...
Building and optimizing final netlist ...
Found area constraint ratio of 100 (+ 5) on block PCBranch, actual ratio is 0.

Final Macro Processing ...

=========================================================================
Final Register Report

Found no macro
=========================================================================

=========================================================================
*                           Partition Report                            *
=========================================================================

Partition Implementation Status
-------------------------------

  No Partitions were found in this design.

-------------------------------

=========================================================================
*                            Design Summary                             *
=========================================================================

Top Level Output File Name         : PCBranch.ngc

Primitive and Black Box Usage:
------------------------------
# BELS                             : 124
#      GND                         : 1
#      INV                         : 1
#      LUT1                        : 2
#      LUT2                        : 29
#      LUT3                        : 28
#      MUXCY                       : 31
#      XORCY                       : 32
# IO Buffers                       : 92
#      IBUF                        : 60
#      OBUF                        : 32

Device utilization summary:
---------------------------

Selected Device : 7a100tcsg324-3 


Slice Logic Utilization: 
 Number of Slice LUTs:                   60  out of  63400     0%  
    Number used as Logic:                60  out of  63400     0%  

Slice Logic Distribution: 
 Number of LUT Flip Flop pairs used:     60
   Number with an unused Flip Flop:      60  out of     60   100%  
   Number with an unused LUT:             0  out of     60     0%  
   Number of fully used LUT-FF pairs:     0  out of     60     0%  
   Number of unique control sets:         0

IO Utilization: 
 Number of IOs:                          96
 Number of bonded IOBs:                  92  out of    210    43%  

Specific Feature Utilization:

---------------------------
Partition Resource Summary:
---------------------------

  No Partitions were found in this design.

---------------------------


=========================================================================
Timing Report

NOTE: THESE TIMING NUMBERS ARE ONLY A SYNTHESIS ESTIMATE.
      FOR ACCURATE TIMING INFORMATION PLEASE REFER TO THE TRACE REPORT
      GENERATED AFTER PLACE-and-ROUTE.

Clock Information:
------------------
No clock signals found in this design

Asynchronous Control Signals Information:
----------------------------------------
No asynchronous control signals found in this design

Timing Summary:
---------------
Speed Grade: -3

   Minimum period: No path found
   Minimum input arrival time before clock: No path found
   Maximum output required time after clock: No path found
   Maximum combinational path delay: 2.451ns

Timing Details:
---------------
All values displayed in nanoseconds (ns)

=========================================================================
Timing constraint: Default path analysis
  Total number of paths / destination ports: 2449 / 32
-------------------------------------------------------------------------
Delay:               2.451ns (Levels of Logic = 31)
  Source:            a<4> (PAD)
  Destination:       Output<31> (PAD)

  Data Path: a<4> to Output<31>
                                Gate     Net
    Cell:in->out      fanout   Delay   Delay  Logical Name (Net Name)
    ----------------------------------------  ------------
     IBUF:I->O             2   0.001   0.383  a_4_IBUF (a_4_IBUF)
     LUT2:I0->O            1   0.097   0.295  Madd_Output (Madd_Output)
     LUT3:I2->O            1   0.097   0.000  Madd_Output_lut<0>5 (Madd_Output_lut<0>5)
     MUXCY:S->O            1   0.353   0.000  Madd_Output_cy<0>_4 (Madd_Output_cy<0>5)
     MUXCY:CI->O           1   0.023   0.000  Madd_Output_cy<0>_5 (Madd_Output_cy<0>6)
     MUXCY:CI->O           1   0.023   0.000  Madd_Output_cy<0>_6 (Madd_Output_cy<0>7)
     MUXCY:CI->O           1   0.023   0.000  Madd_Output_cy<0>_7 (Madd_Output_cy<0>8)
     MUXCY:CI->O           1   0.023   0.000  Madd_Output_cy<0>_8 (Madd_Output_cy<0>9)
     MUXCY:CI->O           1   0.023   0.000  Madd_Output_cy<0>_9 (Madd_Output_cy<0>10)
     MUXCY:CI->O           1   0.023   0.000  Madd_Output_cy<0>_10 (Madd_Output_cy<0>11)
     MUXCY:CI->O           1   0.023   0.000  Madd_Output_cy<0>_11 (Madd_Output_cy<0>12)
     MUXCY:CI->O           1   0.023   0.000  Madd_Output_cy<0>_12 (Madd_Output_cy<0>13)
     MUXCY:CI->O           1   0.023   0.000  Madd_Output_cy<0>_13 (Madd_Output_cy<0>14)
     MUXCY:CI->O           1   0.023   0.000  Madd_Output_cy<0>_14 (Madd_Output_cy<0>15)
     MUXCY:CI->O           1   0.023   0.000  Madd_Output_cy<0>_15 (Madd_Output_cy<0>16)
     MUXCY:CI->O           1   0.023   0.000  Madd_Output_cy<0>_16 (Madd_Output_cy<0>17)
     MUXCY:CI->O           1   0.023   0.000  Madd_Output_cy<0>_17 (Madd_Output_cy<0>18)
     MUXCY:CI->O           1   0.023   0.000  Madd_Output_cy<0>_18 (Madd_Output_cy<0>19)
     MUXCY:CI->O           1   0.023   0.000  Madd_Output_cy<0>_19 (Madd_Output_cy<0>20)
     MUXCY:CI->O           1   0.023   0.000  Madd_Output_cy<0>_20 (Madd_Output_cy<0>21)
     MUXCY:CI->O           1   0.023   0.000  Madd_Output_cy<0>_21 (Madd_Output_cy<0>22)
     MUXCY:CI->O           1   0.023   0.000  Madd_Output_cy<0>_22 (Madd_Output_cy<0>23)
     MUXCY:CI->O           1   0.023   0.000  Madd_Output_cy<0>_23 (Madd_Output_cy<0>24)
     MUXCY:CI->O           1   0.023   0.000  Madd_Output_cy<0>_24 (Madd_Output_cy<0>25)
     MUXCY:CI->O           1   0.023   0.000  Madd_Output_cy<0>_25 (Madd_Output_cy<0>26)
     MUXCY:CI->O           1   0.023   0.000  Madd_Output_cy<0>_26 (Madd_Output_cy<0>27)
     MUXCY:CI->O           1   0.023   0.000  Madd_Output_cy<0>_27 (Madd_Output_cy<0>28)
     MUXCY:CI->O           1   0.023   0.000  Madd_Output_cy<0>_28 (Madd_Output_cy<0>29)
     MUXCY:CI->O           0   0.023   0.000  Madd_Output_cy<0>_29 (Madd_Output_cy<0>30)
     XORCY:CI->O           1   0.370   0.279  Madd_Output_xor<0>_30 (Output_31_OBUF)
     OBUF:I->O                 0.000          Output_31_OBUF (Output<31>)
    ----------------------------------------
    Total                      2.451ns (1.493ns logic, 0.958ns route)
                                       (60.9% logic, 39.1% route)

=========================================================================

Cross Clock Domains Report:
--------------------------

=========================================================================


Total REAL time to Xst completion: 11.00 secs
Total CPU time to Xst completion: 10.27 secs
 
--> 

Total memory usage is 4638072 kilobytes

Number of errors   :    0 (   0 filtered)
Number of warnings :    1 (   0 filtered)
Number of infos    :    0 (   0 filtered)

